2026-04-17 09:58:37,194 INFO -------------------- STRESS TEST REPORT: 多用户存款/赎回混合压力测试 --------------------
2026-04-17 09:58:37,194 INFO caseId: S1_DepositRedeemMix
2026-04-17 09:58:37,194 INFO result: PASSED
2026-04-17 09:58:37,194 INFO configRounds: 50
2026-04-17 09:58:37,194 INFO actualRounds: 50
2026-04-17 09:58:37,194 INFO users: 200
2026-04-17 09:58:37,194 INFO seed: 7842345
2026-04-17 09:58:37,195 INFO wallTimeMs: 1156
2026-04-17 09:58:37,195 INFO -------------------- Transaction Statistics --------------------
2026-04-17 09:58:37,195 INFO deposits: 836
2026-04-17 09:58:37,195 INFO syncRedeems: 441
2026-04-17 09:58:37,195 INFO asyncRedeems (requestRedeem): 0
2026-04-17 09:58:37,195 INFO processRedeemBatches: 0
2026-04-17 09:58:37,195 INFO finalizeRedeemBatches: 0
2026-04-17 09:58:37,196 INFO rebalances: 0
2026-04-17 09:58:37,196 INFO settlements: 0
2026-04-17 09:58:37,196 INFO rateUpdates: 4
2026-04-17 09:58:37,196 INFO priceUpdates: 2
2026-04-17 09:58:37,196 INFO totalTransactions: 1283
2026-04-17 09:58:37,196 INFO -------------------- Invariant Checks --------------------
2026-04-17 09:58:37,196 INFO invariantChecks: 51
2026-04-17 09:58:37,197 INFO invariantFails: 0
2026-04-17 09:58:37,197 INFO -------------------- Final Ledger --------------------
2026-04-17 09:58:37,197 INFO -------------------- Performance --------------------
2026-04-17 09:58:37,197 INFO totalGasUsed: 301005555
2026-04-17 09:58:37,197 INFO -------------------- END REPORT --------------------
