2026-04-17 09:58:42,025 INFO -------------------- STRESS TEST REPORT: 异步赎回全生命周期压力测试 --------------------
2026-04-17 09:58:42,026 INFO caseId: S2_AsyncRedeemFullCycle
2026-04-17 09:58:42,026 INFO result: PASSED
2026-04-17 09:58:42,026 INFO configRounds: 50
2026-04-17 09:58:42,026 INFO actualRounds: 50
2026-04-17 09:58:42,026 INFO users: 200
2026-04-17 09:58:42,026 INFO seed: 7842345
2026-04-17 09:58:42,026 INFO wallTimeMs: 943
2026-04-17 09:58:42,027 INFO -------------------- Transaction Statistics --------------------
2026-04-17 09:58:42,027 INFO deposits: 53
2026-04-17 09:58:42,027 INFO syncRedeems: 0
2026-04-17 09:58:42,027 INFO asyncRedeems (requestRedeem): 301
2026-04-17 09:58:42,027 INFO processRedeemBatches: 48
2026-04-17 09:58:42,027 INFO finalizeRedeemBatches: 48
2026-04-17 09:58:42,027 INFO rebalances: 0
2026-04-17 09:58:42,028 INFO settlements: 0
2026-04-17 09:58:42,028 INFO rateUpdates: 9
2026-04-17 09:58:42,028 INFO priceUpdates: 6
2026-04-17 09:58:42,028 INFO totalTransactions: 465
2026-04-17 09:58:42,028 INFO -------------------- Invariant Checks --------------------
2026-04-17 09:58:42,028 INFO invariantChecks: 151
2026-04-17 09:58:42,028 INFO invariantFails: 0
2026-04-17 09:58:42,029 INFO -------------------- Final Ledger --------------------
2026-04-17 09:58:42,029 INFO -------------------- Performance --------------------
2026-04-17 09:58:42,029 INFO totalGasUsed: 272177106
2026-04-17 09:58:42,029 INFO -------------------- END REPORT --------------------
