2026-04-17 09:58:57,593 INFO -------------------- STRESS TEST REPORT: 制裁用户交叉操作压力测试 --------------------
2026-04-17 09:58:57,593 INFO caseId: S5_SanctionedUserInterlace
2026-04-17 09:58:57,594 INFO result: PASSED
2026-04-17 09:58:57,594 INFO configRounds: 50
2026-04-17 09:58:57,594 INFO actualRounds: 50
2026-04-17 09:58:57,594 INFO users: 200
2026-04-17 09:58:57,594 INFO seed: 7842345
2026-04-17 09:58:57,594 INFO wallTimeMs: 1686
2026-04-17 09:58:57,594 INFO -------------------- Transaction Statistics --------------------
2026-04-17 09:58:57,594 INFO deposits: 1619
2026-04-17 09:58:57,595 INFO syncRedeems: 417
2026-04-17 09:58:57,595 INFO asyncRedeems (requestRedeem): 17
2026-04-17 09:58:57,595 INFO processRedeemBatches: 17
2026-04-17 09:58:57,595 INFO finalizeRedeemBatches: 17
2026-04-17 09:58:57,595 INFO rebalances: 0
2026-04-17 09:58:57,595 INFO settlements: 0
2026-04-17 09:58:57,595 INFO rateUpdates: 6
2026-04-17 09:58:57,596 INFO priceUpdates: 4
2026-04-17 09:58:57,596 INFO totalTransactions: 2097
2026-04-17 09:58:57,596 INFO -------------------- Invariant Checks --------------------
2026-04-17 09:58:57,596 INFO invariantChecks: 51
2026-04-17 09:58:57,596 INFO invariantFails: 0
2026-04-17 09:58:57,596 INFO -------------------- Final Ledger --------------------
2026-04-17 09:58:57,597 INFO -------------------- Performance --------------------
2026-04-17 09:58:57,597 INFO totalGasUsed: 515157437
2026-04-17 09:58:57,597 INFO -------------------- END REPORT --------------------
