2026-04-17 09:59:01,994 INFO -------------------- STRESS TEST REPORT: 在途记录边界场景压力测试 --------------------
2026-04-17 09:59:01,994 INFO caseId: S6_InFlightEdgeCases
2026-04-17 09:59:01,995 INFO result: PASSED
2026-04-17 09:59:01,995 INFO configRounds: 50
2026-04-17 09:59:01,995 INFO actualRounds: 50
2026-04-17 09:59:01,996 INFO users: 200
2026-04-17 09:59:01,996 INFO seed: 7842345
2026-04-17 09:59:01,996 INFO wallTimeMs: 512
2026-04-17 09:59:01,996 INFO -------------------- Transaction Statistics --------------------
2026-04-17 09:59:01,996 INFO deposits: 129
2026-04-17 09:59:01,996 INFO syncRedeems: 21
2026-04-17 09:59:01,996 INFO asyncRedeems (requestRedeem): 65
2026-04-17 09:59:01,996 INFO processRedeemBatches: 24
2026-04-17 09:59:01,997 INFO finalizeRedeemBatches: 24
2026-04-17 09:59:01,997 INFO rebalances: 58
2026-04-17 09:59:01,997 INFO settlements: 29
2026-04-17 09:59:01,997 INFO rateUpdates: 16
2026-04-17 09:59:01,997 INFO priceUpdates: 12
2026-04-17 09:59:01,997 INFO totalTransactions: 378
2026-04-17 09:59:01,997 INFO -------------------- Invariant Checks --------------------
2026-04-17 09:59:01,998 INFO invariantChecks: 51
2026-04-17 09:59:01,998 INFO invariantFails: 0
2026-04-17 09:59:01,998 INFO -------------------- Final Ledger --------------------
2026-04-17 09:59:01,998 INFO -------------------- Performance --------------------
2026-04-17 09:59:01,998 INFO totalGasUsed: 135553081
2026-04-17 09:59:01,998 INFO -------------------- END REPORT --------------------
