2026-04-17 09:59:06,654 INFO -------------------- STRESS TEST REPORT: 全协议耐久性压力测试 --------------------
2026-04-17 09:59:06,654 INFO caseId: S7_FullProtocolEndurance
2026-04-17 09:59:06,654 INFO result: PASSED
2026-04-17 09:59:06,654 INFO configRounds: 50
2026-04-17 09:59:06,654 INFO actualRounds: 15
2026-04-17 09:59:06,654 INFO users: 200
2026-04-17 09:59:06,655 INFO seed: 7842345
2026-04-17 09:59:06,655 INFO wallTimeMs: 757
2026-04-17 09:59:06,655 INFO -------------------- Transaction Statistics --------------------
2026-04-17 09:59:06,655 INFO deposits: 505
2026-04-17 09:59:06,655 INFO syncRedeems: 99
2026-04-17 09:59:06,655 INFO asyncRedeems (requestRedeem): 203
2026-04-17 09:59:06,655 INFO processRedeemBatches: 15
2026-04-17 09:59:06,655 INFO finalizeRedeemBatches: 15
2026-04-17 09:59:06,656 INFO rebalances: 15
2026-04-17 09:59:06,656 INFO settlements: 15
2026-04-17 09:59:06,656 INFO rateUpdates: 15
2026-04-17 09:59:06,656 INFO priceUpdates: 4
2026-04-17 09:59:06,656 INFO totalTransactions: 886
2026-04-17 09:59:06,656 INFO -------------------- Invariant Checks --------------------
2026-04-17 09:59:06,656 INFO invariantChecks: 17
2026-04-17 09:59:06,657 INFO invariantFails: 0
2026-04-17 09:59:06,657 INFO -------------------- Final Ledger --------------------
2026-04-17 09:59:06,657 INFO -------------------- Performance --------------------
2026-04-17 09:59:06,657 INFO totalGasUsed: 229021345
2026-04-17 09:59:06,657 INFO -------------------- END REPORT --------------------
