2026-04-17 09:59:10,953 INFO -------------------- STRESS TEST REPORT: Invest结算边界场景压力测试 --------------------
2026-04-17 09:59:10,954 INFO caseId: S8_InvestSettlementEdge
2026-04-17 09:59:10,954 INFO result: PASSED
2026-04-17 09:59:10,954 INFO configRounds: 50
2026-04-17 09:59:10,954 INFO actualRounds: 50
2026-04-17 09:59:10,954 INFO users: 200
2026-04-17 09:59:10,954 INFO seed: 7842345
2026-04-17 09:59:10,954 INFO wallTimeMs: 396
2026-04-17 09:59:10,955 INFO -------------------- Transaction Statistics --------------------
2026-04-17 09:59:10,955 INFO deposits: 100
2026-04-17 09:59:10,955 INFO syncRedeems: 0
2026-04-17 09:59:10,955 INFO asyncRedeems (requestRedeem): 0
2026-04-17 09:59:10,955 INFO processRedeemBatches: 0
2026-04-17 09:59:10,955 INFO finalizeRedeemBatches: 0
2026-04-17 09:59:10,955 INFO rebalances: 50
2026-04-17 09:59:10,956 INFO settlements: 62
2026-04-17 09:59:10,956 INFO rateUpdates: 16
2026-04-17 09:59:10,956 INFO priceUpdates: 12
2026-04-17 09:59:10,956 INFO totalTransactions: 240
2026-04-17 09:59:10,956 INFO -------------------- Invariant Checks --------------------
2026-04-17 09:59:10,956 INFO invariantChecks: 51
2026-04-17 09:59:10,956 INFO invariantFails: 0
2026-04-17 09:59:10,957 INFO -------------------- Final Ledger --------------------
2026-04-17 09:59:10,957 INFO -------------------- Performance --------------------
2026-04-17 09:59:10,957 INFO totalGasUsed: 99387899
2026-04-17 09:59:10,957 INFO -------------------- END REPORT --------------------
